// Jest Snapshot v1, https://goo.gl/fbAQLP

exports[`Link changes the class when hovered 1`] = `
<div
  className="navbars"
>
  <nav
    className="navs navbar navbar-expand-md navbar-dark fixed-top"
    onMouseLeave={[Function]}
  >
    <a
      className="navbar-brand"
    >
      <img
        className="logo"
        onClick={[Function]}
        src="res/drawables/mididec.png"
      />
    </a>
    <button
      className="navbar-toggler"
      onClick={[Function]}
      type="button"
    >
      <span
        className="navbar-toggler-icon"
      />
    </button>
    <div
      className="collapse navbar-collapse"
      style={Object {}}
    >
      <ul
        className="navbar-nav"
      >
        <li
          className="nav-item"
        >
          <a
            className="home-link nav-link"
            onClick={[Function]}
          >
            Home
          </a>
        </li>
        
        
        
      </ul>
      <ul
        className="ml-auto navbar-nav"
      >
        <li
          className="nav-item"
        >
          <select
            className="form-control"
            id="locale"
            name="locale"
            onChange={[Function]}
            type="select"
            value="fr-CA"
          >
            <option
              value="fr-CA"
            >
              Français Canada
            </option>
            <option
              value="en-CA"
            >
              English Canada
            </option>
            <option
              value="it"
            >
              italiano
            </option>
            <option
              value="ru"
            >
              русский
            </option>
            <option
              value="ja"
            >
              日本語
            </option>
            <option
              value="ar"
            >
              عربى
            </option>
            <option
              value="de"
            >
              Deutsche
            </option>
            <option
              value="es"
            >
              Español
            </option>
          </select>
        </li>
        <li
          className="nav-item"
        >
          <a
            className="subscribe-link nav-link"
            onClick={[Function]}
          >
            S'inscrire
          </a>
        </li>
        <li
          className="nav-item"
        >
          <a
            className="home-link nav-link"
            onClick={[Function]}
          >
            Connexion
          </a>
        </li>
        
      </ul>
    </div>
  </nav>
</div>
`;
